// Jest Snapshot v1, https://goo.gl/fbAQLP

exports[`Settings should match snapshot 1`] = `
ShallowWrapper {
  "complexSelector": ComplexSelector {
    "buildPredicate": [Function],
    "childrenOfNode": [Function],
    "findWhereUnwrapped": [Function],
  },
  "length": 1,
  "node": <div>
    <NavBar />
    <form
        className="container"
    >
        <Grid
            bsClass="container"
            componentClass="div"
            fluid={false}
        >
            <Row
                bsClass="row"
                className="show-grid"
                componentClass="div"
            >
                <Well
                    bsClass="well"
                >
                    <ControlLabel
                        bsClass="control-label"
                        srOnly={false}
                    >
                        Log File
                    </ControlLabel>
                    <FormControl
                        bsClass="form-control"
                        componentClass="input"
                        placeholder="log/garnet.log"
                        type="text"
                        value={undefined}
                    />
                    <ControlLabel
                        bsClass="control-label"
                        srOnly={false}
                    >
                        Log Level
                    </ControlLabel>
                    <FormControl
                        bsClass="form-control"
                        componentClass="select"
                        placeholder="select"
                    >
                        <option
                            value="other"
                        >
                            info
                        </option>
                    </FormControl>
                    <ControlLabel
                        bsClass="control-label"
                        srOnly={false}
                    >
                        agent_cache_directory
                    </ControlLabel>
                    <FormControl
                        bsClass="form-control"
                        componentClass="input"
                        placeholder="cache"
                        type="text"
                        value={undefined}
                    />
                    <ControlLabel
                        bsClass="control-label"
                        srOnly={false}
                    >
                        language
                    </ControlLabel>
                    <FormControl
                        bsClass="form-control"
                        componentClass="select"
                        placeholder="select"
                    >
                        <option
                            value="other"
                        >
                            en
                        </option>
                    </FormControl>
                    <ControlLabel
                        bsClass="control-label"
                        srOnly={false}
                    >
                        interval
                    </ControlLabel>
                    <FormControl
                        bsClass="form-control"
                        componentClass="input"
                        placeholder="100"
                        type="text"
                        value={undefined}
                    />
                    <ControlLabel
                        bsClass="control-label"
                        srOnly={false}
                    >
                        agent_subprocesses
                    </ControlLabel>
                    <FormControl
                        bsClass="form-control"
                        componentClass="input"
                        placeholder="10"
                        type="text"
                        value={undefined}
                    />
                    <ControlLabel
                        bsClass="control-label"
                        srOnly={false}
                    >
                        listen_address
                    </ControlLabel>
                    <FormControl
                        bsClass="form-control"
                        componentClass="input"
                        placeholder="127.0.0.1"
                        type="text"
                        value={undefined}
                    />
                    <ControlLabel
                        bsClass="control-label"
                        srOnly={false}
                    >
                        bind_port
                    </ControlLabel>
                    <FormControl
                        bsClass="form-control"
                        componentClass="input"
                        placeholder="5000"
                        type="text"
                        value={undefined}
                    />
                </Well>
            </Row>
        </Grid>
    </form>
    <Col
        bsClass="col"
        componentClass="div"
        xs={8}
        xsOffset={2}
    >
        <Button
            active={false}
            block={true}
            bsClass="btn"
            bsSize="large"
            bsStyle="success"
            disabled={false}
            style={
                Object {
                    "marginBottom": "30px",
                  }
            }
        >
            Save
        </Button>
    </Col>
    <Footer />
</div>,
  "nodes": Array [
    <div>
      <NavBar />
      <form
            className="container"
      >
            <Grid
                  bsClass="container"
                  componentClass="div"
                  fluid={false}
            >
                  <Row
                        bsClass="row"
                        className="show-grid"
                        componentClass="div"
                  >
                        <Well
                              bsClass="well"
                        >
                              <ControlLabel
                                    bsClass="control-label"
                                    srOnly={false}
                              >
                                    Log File
                              </ControlLabel>
                              <FormControl
                                    bsClass="form-control"
                                    componentClass="input"
                                    placeholder="log/garnet.log"
                                    type="text"
                                    value={undefined}
                              />
                              <ControlLabel
                                    bsClass="control-label"
                                    srOnly={false}
                              >
                                    Log Level
                              </ControlLabel>
                              <FormControl
                                    bsClass="form-control"
                                    componentClass="select"
                                    placeholder="select"
                              >
                                    <option
                                          value="other"
                                    >
                                          info
                                    </option>
                              </FormControl>
                              <ControlLabel
                                    bsClass="control-label"
                                    srOnly={false}
                              >
                                    agent_cache_directory
                              </ControlLabel>
                              <FormControl
                                    bsClass="form-control"
                                    componentClass="input"
                                    placeholder="cache"
                                    type="text"
                                    value={undefined}
                              />
                              <ControlLabel
                                    bsClass="control-label"
                                    srOnly={false}
                              >
                                    language
                              </ControlLabel>
                              <FormControl
                                    bsClass="form-control"
                                    componentClass="select"
                                    placeholder="select"
                              >
                                    <option
                                          value="other"
                                    >
                                          en
                                    </option>
                              </FormControl>
                              <ControlLabel
                                    bsClass="control-label"
                                    srOnly={false}
                              >
                                    interval
                              </ControlLabel>
                              <FormControl
                                    bsClass="form-control"
                                    componentClass="input"
                                    placeholder="100"
                                    type="text"
                                    value={undefined}
                              />
                              <ControlLabel
                                    bsClass="control-label"
                                    srOnly={false}
                              >
                                    agent_subprocesses
                              </ControlLabel>
                              <FormControl
                                    bsClass="form-control"
                                    componentClass="input"
                                    placeholder="10"
                                    type="text"
                                    value={undefined}
                              />
                              <ControlLabel
                                    bsClass="control-label"
                                    srOnly={false}
                              >
                                    listen_address
                              </ControlLabel>
                              <FormControl
                                    bsClass="form-control"
                                    componentClass="input"
                                    placeholder="127.0.0.1"
                                    type="text"
                                    value={undefined}
                              />
                              <ControlLabel
                                    bsClass="control-label"
                                    srOnly={false}
                              >
                                    bind_port
                              </ControlLabel>
                              <FormControl
                                    bsClass="form-control"
                                    componentClass="input"
                                    placeholder="5000"
                                    type="text"
                                    value={undefined}
                              />
                        </Well>
                  </Row>
            </Grid>
      </form>
      <Col
            bsClass="col"
            componentClass="div"
            xs={8}
            xsOffset={2}
      >
            <Button
                  active={false}
                  block={true}
                  bsClass="btn"
                  bsSize="large"
                  bsStyle="success"
                  disabled={false}
                  style={
                        Object {
                              "marginBottom": "30px",
                            }
                  }
            >
                  Save
            </Button>
      </Col>
      <Footer />
</div>,
  ],
  "options": Object {},
  "renderer": ReactShallowRenderer {
    "_instance": ShallowComponentWrapper {
      "_calledComponentWillUnmount": false,
      "_compositeType": 0,
      "_context": Object {},
      "_currentElement": <Settings
        data={Array []}
/>,
      "_debugID": 1,
      "_hostContainerInfo": null,
      "_hostParent": null,
      "_instance": Settings {
        "_reactInternalInstance": [Circular],
        "context": Object {},
        "props": Object {
          "data": Array [],
        },
        "refs": Object {},
        "state": Object {
          "data": Array [],
        },
        "updater": Object {
          "enqueueCallback": [Function],
          "enqueueCallbackInternal": [Function],
          "enqueueElementInternal": [Function],
          "enqueueForceUpdate": [Function],
          "enqueueReplaceState": [Function],
          "enqueueSetState": [Function],
          "isMounted": [Function],
          "validateCallback": [Function],
        },
      },
      "_mountOrder": 1,
      "_pendingCallbacks": null,
      "_pendingElement": null,
      "_pendingForceUpdate": false,
      "_pendingReplaceState": false,
      "_pendingStateQueue": null,
      "_renderedComponent": NoopInternalComponent {
        "_currentElement": <div>
          <NavBar />
          <form
                    className="container"
          >
                    <Grid
                              bsClass="container"
                              componentClass="div"
                              fluid={false}
                    >
                              <Row
                                        bsClass="row"
                                        className="show-grid"
                                        componentClass="div"
                              >
                                        <Well
                                                  bsClass="well"
                                        >
                                                  <ControlLabel
                                                            bsClass="control-label"
                                                            srOnly={false}
                                                  >
                                                            Log File
                                                  </ControlLabel>
                                                  <FormControl
                                                            bsClass="form-control"
                                                            componentClass="input"
                                                            placeholder="log/garnet.log"
                                                            type="text"
                                                            value={undefined}
                                                  />
                                                  <ControlLabel
                                                            bsClass="control-label"
                                                            srOnly={false}
                                                  >
                                                            Log Level
                                                  </ControlLabel>
                                                  <FormControl
                                                            bsClass="form-control"
                                                            componentClass="select"
                                                            placeholder="select"
                                                  >
                                                            <option
                                                                      value="other"
                                                            >
                                                                      info
                                                            </option>
                                                  </FormControl>
                                                  <ControlLabel
                                                            bsClass="control-label"
                                                            srOnly={false}
                                                  >
                                                            agent_cache_directory
                                                  </ControlLabel>
                                                  <FormControl
                                                            bsClass="form-control"
                                                            componentClass="input"
                                                            placeholder="cache"
                                                            type="text"
                                                            value={undefined}
                                                  />
                                                  <ControlLabel
                                                            bsClass="control-label"
                                                            srOnly={false}
                                                  >
                                                            language
                                                  </ControlLabel>
                                                  <FormControl
                                                            bsClass="form-control"
                                                            componentClass="select"
                                                            placeholder="select"
                                                  >
                                                            <option
                                                                      value="other"
                                                            >
                                                                      en
                                                            </option>
                                                  </FormControl>
                                                  <ControlLabel
                                                            bsClass="control-label"
                                                            srOnly={false}
                                                  >
                                                            interval
                                                  </ControlLabel>
                                                  <FormControl
                                                            bsClass="form-control"
                                                            componentClass="input"
                                                            placeholder="100"
                                                            type="text"
                                                            value={undefined}
                                                  />
                                                  <ControlLabel
                                                            bsClass="control-label"
                                                            srOnly={false}
                                                  >
                                                            agent_subprocesses
                                                  </ControlLabel>
                                                  <FormControl
                                                            bsClass="form-control"
                                                            componentClass="input"
                                                            placeholder="10"
                                                            type="text"
                                                            value={undefined}
                                                  />
                                                  <ControlLabel
                                                            bsClass="control-label"
                                                            srOnly={false}
                                                  >
                                                            listen_address
                                                  </ControlLabel>
                                                  <FormControl
                                                            bsClass="form-control"
                                                            componentClass="input"
                                                            placeholder="127.0.0.1"
                                                            type="text"
                                                            value={undefined}
                                                  />
                                                  <ControlLabel
                                                            bsClass="control-label"
                                                            srOnly={false}
                                                  >
                                                            bind_port
                                                  </ControlLabel>
                                                  <FormControl
                                                            bsClass="form-control"
                                                            componentClass="input"
                                                            placeholder="5000"
                                                            type="text"
                                                            value={undefined}
                                                  />
                                        </Well>
                              </Row>
                    </Grid>
          </form>
          <Col
                    bsClass="col"
                    componentClass="div"
                    xs={8}
                    xsOffset={2}
          >
                    <Button
                              active={false}
                              block={true}
                              bsClass="btn"
                              bsSize="large"
                              bsStyle="success"
                              disabled={false}
                              style={
                                        Object {
                                                  "marginBottom": "30px",
                                                }
                              }
                    >
                              Save
                    </Button>
          </Col>
          <Footer />
</div>,
        "_debugID": 2,
        "_renderedOutput": <div>
          <NavBar />
          <form
                    className="container"
          >
                    <Grid
                              bsClass="container"
                              componentClass="div"
                              fluid={false}
                    >
                              <Row
                                        bsClass="row"
                                        className="show-grid"
                                        componentClass="div"
                              >
                                        <Well
                                                  bsClass="well"
                                        >
                                                  <ControlLabel
                                                            bsClass="control-label"
                                                            srOnly={false}
                                                  >
                                                            Log File
                                                  </ControlLabel>
                                                  <FormControl
                                                            bsClass="form-control"
                                                            componentClass="input"
                                                            placeholder="log/garnet.log"
                                                            type="text"
                                                            value={undefined}
                                                  />
                                                  <ControlLabel
                                                            bsClass="control-label"
                                                            srOnly={false}
                                                  >
                                                            Log Level
                                                  </ControlLabel>
                                                  <FormControl
                                                            bsClass="form-control"
                                                            componentClass="select"
                                                            placeholder="select"
                                                  >
                                                            <option
                                                                      value="other"
                                                            >
                                                                      info
                                                            </option>
                                                  </FormControl>
                                                  <ControlLabel
                                                            bsClass="control-label"
                                                            srOnly={false}
                                                  >
                                                            agent_cache_directory
                                                  </ControlLabel>
                                                  <FormControl
                                                            bsClass="form-control"
                                                            componentClass="input"
                                                            placeholder="cache"
                                                            type="text"
                                                            value={undefined}
                                                  />
                                                  <ControlLabel
                                                            bsClass="control-label"
                                                            srOnly={false}
                                                  >
                                                            language
                                                  </ControlLabel>
                                                  <FormControl
                                                            bsClass="form-control"
                                                            componentClass="select"
                                                            placeholder="select"
                                                  >
                                                            <option
                                                                      value="other"
                                                            >
                                                                      en
                                                            </option>
                                                  </FormControl>
                                                  <ControlLabel
                                                            bsClass="control-label"
                                                            srOnly={false}
                                                  >
                                                            interval
                                                  </ControlLabel>
                                                  <FormControl
                                                            bsClass="form-control"
                                                            componentClass="input"
                                                            placeholder="100"
                                                            type="text"
                                                            value={undefined}
                                                  />
                                                  <ControlLabel
                                                            bsClass="control-label"
                                                            srOnly={false}
                                                  >
                                                            agent_subprocesses
                                                  </ControlLabel>
                                                  <FormControl
                                                            bsClass="form-control"
                                                            componentClass="input"
                                                            placeholder="10"
                                                            type="text"
                                                            value={undefined}
                                                  />
                                                  <ControlLabel
                                                            bsClass="control-label"
                                                            srOnly={false}
                                                  >
                                                            listen_address
                                                  </ControlLabel>
                                                  <FormControl
                                                            bsClass="form-control"
                                                            componentClass="input"
                                                            placeholder="127.0.0.1"
                                                            type="text"
                                                            value={undefined}
                                                  />
                                                  <ControlLabel
                                                            bsClass="control-label"
                                                            srOnly={false}
                                                  >
                                                            bind_port
                                                  </ControlLabel>
                                                  <FormControl
                                                            bsClass="form-control"
                                                            componentClass="input"
                                                            placeholder="5000"
                                                            type="text"
                                                            value={undefined}
                                                  />
                                        </Well>
                              </Row>
                    </Grid>
          </form>
          <Col
                    bsClass="col"
                    componentClass="div"
                    xs={8}
                    xsOffset={2}
          >
                    <Button
                              active={false}
                              block={true}
                              bsClass="btn"
                              bsSize="large"
                              bsStyle="success"
                              disabled={false}
                              style={
                                        Object {
                                                  "marginBottom": "30px",
                                                }
                              }
                    >
                              Save
                    </Button>
          </Col>
          <Footer />
</div>,
      },
      "_renderedNodeType": 0,
      "_rootNodeID": 0,
      "_topLevelWrapper": null,
      "_updateBatchNumber": null,
      "_warnedAboutRefsInRender": false,
    },
    "getRenderOutput": [Function],
    "render": [Function],
  },
  "root": [Circular],
  "unrendered": <Settings
    data={Array []}
/>,
}
`;
